--- Suite 1 ---
Test  1 : echo simple commands
Command:/home/dude/SO/shell/so-shell-ChrzaszczykKamil/shell/bin/mshell < /home/dude/SO/shell/so-shell-ChrzaszczykKamil/tests/suites/1/input/1.in > /home/dude/SO/shell/so-shell-ChrzaszczykKamil/tests/suites/1/output/1.out 2>/home/dude/SO/shell/so-shell-ChrzaszczykKamil/tests/suites/1/output/1.err
FAIL
Test  2 : # empty lines
Command:/home/dude/SO/shell/so-shell-ChrzaszczykKamil/shell/bin/mshell < /home/dude/SO/shell/so-shell-ChrzaszczykKamil/tests/suites/1/input/2.in > /home/dude/SO/shell/so-shell-ChrzaszczykKamil/tests/suites/1/output/2.out 2>/home/dude/SO/shell/so-shell-ChrzaszczykKamil/tests/suites/1/output/2.err
FAIL
Test  3 : # long file 
Command:/home/dude/SO/shell/so-shell-ChrzaszczykKamil/shell/bin/mshell < /home/dude/SO/shell/so-shell-ChrzaszczykKamil/tests/suites/1/input/3.in > /home/dude/SO/shell/so-shell-ChrzaszczykKamil/tests/suites/1/output/3.out 2>/home/dude/SO/shell/so-shell-ChrzaszczykKamil/tests/suites/1/output/3.err
FAIL
Test  4 : # long lines
Command:/home/dude/SO/shell/so-shell-ChrzaszczykKamil/shell/bin/mshell < /home/dude/SO/shell/so-shell-ChrzaszczykKamil/tests/suites/1/input/4.in > /home/dude/SO/shell/so-shell-ChrzaszczykKamil/tests/suites/1/output/4.out 2>/home/dude/SO/shell/so-shell-ChrzaszczykKamil/tests/suites/1/output/4.err
FAIL
Test  5 : # last line not ended with '\n'
Command:/home/dude/SO/shell/so-shell-ChrzaszczykKamil/shell/bin/mshell < /home/dude/SO/shell/so-shell-ChrzaszczykKamil/tests/suites/1/input/5.in > /home/dude/SO/shell/so-shell-ChrzaszczykKamil/tests/suites/1/output/5.out 2>/home/dude/SO/shell/so-shell-ChrzaszczykKamil/tests/suites/1/output/5.err
FAIL
Test  6 : # exec errors
Command:/home/dude/SO/shell/so-shell-ChrzaszczykKamil/shell/bin/mshell < /home/dude/SO/shell/so-shell-ChrzaszczykKamil/tests/suites/1/input/6.in > /home/dude/SO/shell/so-shell-ChrzaszczykKamil/tests/suites/1/output/6.out 2>/home/dude/SO/shell/so-shell-ChrzaszczykKamil/tests/suites/1/output/6.err
FAIL
Test  11 : echo simple commands + splitter
Command:specific see  /home/dude/SO/shell/so-shell-ChrzaszczykKamil/tests/suites/1/exec/11.exec
FAIL
Test  12 : # empty lines + splitter
Command:specific see  /home/dude/SO/shell/so-shell-ChrzaszczykKamil/tests/suites/1/exec/12.exec
FAIL
Test  13 : # long file + splitter
Command:specific see  /home/dude/SO/shell/so-shell-ChrzaszczykKamil/tests/suites/1/exec/13.exec
FAIL
Test  14 : # long lines + splitter
Command:specific see  /home/dude/SO/shell/so-shell-ChrzaszczykKamil/tests/suites/1/exec/14.exec
FAIL
Test  15 : # last line not ended with '\n' + splitter
Command:specific see  /home/dude/SO/shell/so-shell-ChrzaszczykKamil/tests/suites/1/exec/15.exec
FAIL
Test  16 : # exec errors + splitter
Command:specific see  /home/dude/SO/shell/so-shell-ChrzaszczykKamil/tests/suites/1/exec/16.exec
FAIL

--- Suite 2 ---
Test  1 : # builtin exit
Command:/home/dude/SO/shell/so-shell-ChrzaszczykKamil/shell/bin/mshell < /home/dude/SO/shell/so-shell-ChrzaszczykKamil/tests/suites/2/input/1.in > /home/dude/SO/shell/so-shell-ChrzaszczykKamil/tests/suites/2/output/1.out 2>/home/dude/SO/shell/so-shell-ChrzaszczykKamil/tests/suites/2/output/1.err
FAIL
Test  2 : # builtin lcd
Command:/home/dude/SO/shell/so-shell-ChrzaszczykKamil/shell/bin/mshell < /home/dude/SO/shell/so-shell-ChrzaszczykKamil/tests/suites/2/input/2.in > /home/dude/SO/shell/so-shell-ChrzaszczykKamil/tests/suites/2/output/2.out 2>/home/dude/SO/shell/so-shell-ChrzaszczykKamil/tests/suites/2/output/2.err
FAIL
Test  3 : # builtin lcd no arguments
Command:/home/dude/SO/shell/so-shell-ChrzaszczykKamil/shell/bin/mshell < /home/dude/SO/shell/so-shell-ChrzaszczykKamil/tests/suites/2/input/3.in > /home/dude/SO/shell/so-shell-ChrzaszczykKamil/tests/suites/2/output/3.out 2>/home/dude/SO/shell/so-shell-ChrzaszczykKamil/tests/suites/2/output/3.err
FAIL
Test  4 : # builtin lls
Command:/home/dude/SO/shell/so-shell-ChrzaszczykKamil/shell/bin/mshell < /home/dude/SO/shell/so-shell-ChrzaszczykKamil/tests/suites/2/input/4.in > /home/dude/SO/shell/so-shell-ChrzaszczykKamil/tests/suites/2/output/4.out 2>/home/dude/SO/shell/so-shell-ChrzaszczykKamil/tests/suites/2/output/4.err
FAIL
Test  5 : # builtin kill test 1
Command:specific see  /home/dude/SO/shell/so-shell-ChrzaszczykKamil/tests/suites/2/exec/5.exec
FAIL
Test  6 : # builtin kill test 2
Command:specific see  /home/dude/SO/shell/so-shell-ChrzaszczykKamil/tests/suites/2/exec/6.exec
FAIL
Test  7 : # reporting errors
Command:/home/dude/SO/shell/so-shell-ChrzaszczykKamil/shell/bin/mshell < /home/dude/SO/shell/so-shell-ChrzaszczykKamil/tests/suites/2/input/7.in > /home/dude/SO/shell/so-shell-ChrzaszczykKamil/tests/suites/2/output/7.out 2>/home/dude/SO/shell/so-shell-ChrzaszczykKamil/tests/suites/2/output/7.err
FAIL

--- Suite 3 ---
Test  1 : # basic redirections
Command:/home/dude/SO/shell/so-shell-ChrzaszczykKamil/shell/bin/mshell < /home/dude/SO/shell/so-shell-ChrzaszczykKamil/tests/suites/3/input/1.in > /home/dude/SO/shell/so-shell-ChrzaszczykKamil/tests/suites/3/output/1.out 2>/home/dude/SO/shell/so-shell-ChrzaszczykKamil/tests/suites/3/output/1.err
FAIL
Test  2 : # many redirections
Command:/home/dude/SO/shell/so-shell-ChrzaszczykKamil/shell/bin/mshell < /home/dude/SO/shell/so-shell-ChrzaszczykKamil/tests/suites/3/input/2.in > /home/dude/SO/shell/so-shell-ChrzaszczykKamil/tests/suites/3/output/2.out 2>/home/dude/SO/shell/so-shell-ChrzaszczykKamil/tests/suites/3/output/2.err
FAIL
Test  3 : # redirections - counting used descriptors
Command:/home/dude/SO/shell/so-shell-ChrzaszczykKamil/shell/bin/mshell < /home/dude/SO/shell/so-shell-ChrzaszczykKamil/tests/suites/3/input/3.in > /home/dude/SO/shell/so-shell-ChrzaszczykKamil/tests/suites/3/output/3.out 2>/home/dude/SO/shell/so-shell-ChrzaszczykKamil/tests/suites/3/output/3.err
FAIL
Test  4 : # redirection errors
Command:/home/dude/SO/shell/so-shell-ChrzaszczykKamil/shell/bin/mshell < /home/dude/SO/shell/so-shell-ChrzaszczykKamil/tests/suites/3/input/4.in > /home/dude/SO/shell/so-shell-ChrzaszczykKamil/tests/suites/3/output/4.out 2>/home/dude/SO/shell/so-shell-ChrzaszczykKamil/tests/suites/3/output/4.err
FAIL
Test  5 : # simple pipes
Command:/home/dude/SO/shell/so-shell-ChrzaszczykKamil/shell/bin/mshell < /home/dude/SO/shell/so-shell-ChrzaszczykKamil/tests/suites/3/input/5.in > /home/dude/SO/shell/so-shell-ChrzaszczykKamil/tests/suites/3/output/5.out 2>/home/dude/SO/shell/so-shell-ChrzaszczykKamil/tests/suites/3/output/5.err
FAIL
Test  6 : # pipes - counting used descriptors
Command:/home/dude/SO/shell/so-shell-ChrzaszczykKamil/shell/bin/mshell < /home/dude/SO/shell/so-shell-ChrzaszczykKamil/tests/suites/3/input/6.in > /home/dude/SO/shell/so-shell-ChrzaszczykKamil/tests/suites/3/output/6.out 2>/home/dude/SO/shell/so-shell-ChrzaszczykKamil/tests/suites/3/output/6.err
FAIL
Test  7 : # multiple pipelines per line
Command:/home/dude/SO/shell/so-shell-ChrzaszczykKamil/shell/bin/mshell < /home/dude/SO/shell/so-shell-ChrzaszczykKamil/tests/suites/3/input/7.in > /home/dude/SO/shell/so-shell-ChrzaszczykKamil/tests/suites/3/output/7.out 2>/home/dude/SO/shell/so-shell-ChrzaszczykKamil/tests/suites/3/output/7.err
FAIL

--- Suite 4 ---
Test  1 : # simple zombies
Command:/home/dude/SO/shell/so-shell-ChrzaszczykKamil/shell/bin/mshell < /home/dude/SO/shell/so-shell-ChrzaszczykKamil/tests/suites/4/input/1.in > /home/dude/SO/shell/so-shell-ChrzaszczykKamil/tests/suites/4/output/1.out 2>/home/dude/SO/shell/so-shell-ChrzaszczykKamil/tests/suites/4/output/1.err
FAIL
Test  2 : # many zombies
Command:/home/dude/SO/shell/so-shell-ChrzaszczykKamil/shell/bin/mshell < /home/dude/SO/shell/so-shell-ChrzaszczykKamil/tests/suites/4/input/2.in > /home/dude/SO/shell/so-shell-ChrzaszczykKamil/tests/suites/4/output/2.out 2>/home/dude/SO/shell/so-shell-ChrzaszczykKamil/tests/suites/4/output/2.err
FAIL
Test  3 : # zombies while waiting for foreground
Command:specific see  /home/dude/SO/shell/so-shell-ChrzaszczykKamil/tests/suites/4/exec/3.exec
FAIL
Test  4 : # SIGINT and background
Command:Kill leftover testerOX processes before running test.

